2026-04-28 19:19:11,603 INFO o.a.j.u.JMeterUtils: Setting Locale to en_EN
2026-04-28 19:19:11,637 INFO o.a.j.JMeter: Loading user properties from: C:\Users\RafaMiyauchi\Downloads\apache-jmeter-5.6.3\apache-jmeter-5.6.3\bin\user.properties
2026-04-28 19:19:11,638 INFO o.a.j.JMeter: Loading system properties from: C:\Users\RafaMiyauchi\Downloads\apache-jmeter-5.6.3\apache-jmeter-5.6.3\bin\system.properties
2026-04-28 19:19:11,647 INFO o.a.j.JMeter: Copyright (c) 1998-2024 The Apache Software Foundation
2026-04-28 19:19:11,647 INFO o.a.j.JMeter: Version 5.6.3
2026-04-28 19:19:11,648 INFO o.a.j.JMeter: java.version=21.0.10
2026-04-28 19:19:11,648 INFO o.a.j.JMeter: java.vm.name=Java HotSpot(TM) 64-Bit Server VM
2026-04-28 19:19:11,648 INFO o.a.j.JMeter: os.name=Windows 11
2026-04-28 19:19:11,648 INFO o.a.j.JMeter: os.arch=amd64
2026-04-28 19:19:11,648 INFO o.a.j.JMeter: os.version=10.0
2026-04-28 19:19:11,648 INFO o.a.j.JMeter: file.encoding=UTF-8
2026-04-28 19:19:11,648 INFO o.a.j.JMeter: java.awt.headless=true
2026-04-28 19:19:11,648 INFO o.a.j.JMeter: Max memory     =1073741824
2026-04-28 19:19:11,648 INFO o.a.j.JMeter: Available Processors =16
2026-04-28 19:19:11,661 INFO o.a.j.JMeter: Default Locale=English (EN)
2026-04-28 19:19:11,662 INFO o.a.j.JMeter: JMeter  Locale=English (EN)
2026-04-28 19:19:11,662 INFO o.a.j.JMeter: JMeterHome=C:\Users\RafaMiyauchi\Downloads\apache-jmeter-5.6.3\apache-jmeter-5.6.3
2026-04-28 19:19:11,662 INFO o.a.j.JMeter: user.dir  =C:\Users\RafaMiyauchi\Semester 4\Advanced Programming\exercise-profiling
2026-04-28 19:19:11,662 INFO o.a.j.JMeter: PWD       =C:\Users\RafaMiyauchi\Semester 4\Advanced Programming\exercise-profiling
2026-04-28 19:19:16,617 INFO o.a.j.JMeter: IP: 192.168.56.1 Name: Rafa-ZephyrusM16 FullName: Rafa-ZephyrusM16
2026-04-28 19:19:16,632 INFO o.a.j.s.FileServer: Default base='C:\Users\RafaMiyauchi\Semester 4\Advanced Programming\exercise-profiling'
2026-04-28 19:19:16,635 INFO o.a.j.s.FileServer: Set new base='C:\Users\RafaMiyauchi\Semester 4\Advanced Programming\exercise-profiling'
2026-04-28 19:19:16,903 INFO o.a.j.s.SaveService: Testplan (JMX) version: 2.2. Testlog (JTL) version: 2.2
2026-04-28 19:19:16,944 INFO o.a.j.s.SaveService: Using SaveService properties version 5.0
2026-04-28 19:19:16,946 INFO o.a.j.s.SaveService: Using SaveService properties file encoding UTF-8
2026-04-28 19:19:16,950 INFO o.a.j.s.SaveService: Loading file: test_plan_3.jmx
2026-04-28 19:19:16,993 INFO o.a.j.p.h.s.HTTPSamplerBase: Parser for text/html is org.apache.jmeter.protocol.http.parser.LagartoBasedHtmlParser
2026-04-28 19:19:16,993 INFO o.a.j.p.h.s.HTTPSamplerBase: Parser for application/xhtml+xml is org.apache.jmeter.protocol.http.parser.LagartoBasedHtmlParser
2026-04-28 19:19:16,994 INFO o.a.j.p.h.s.HTTPSamplerBase: Parser for application/xml is org.apache.jmeter.protocol.http.parser.LagartoBasedHtmlParser
2026-04-28 19:19:16,994 INFO o.a.j.p.h.s.HTTPSamplerBase: Parser for text/xml is org.apache.jmeter.protocol.http.parser.LagartoBasedHtmlParser
2026-04-28 19:19:16,994 INFO o.a.j.p.h.s.HTTPSamplerBase: Parser for text/vnd.wap.wml is org.apache.jmeter.protocol.http.parser.RegexpHTMLParser
2026-04-28 19:19:16,994 INFO o.a.j.p.h.s.HTTPSamplerBase: Parser for text/css is org.apache.jmeter.protocol.http.parser.CssParser
2026-04-28 19:19:17,017 INFO o.a.j.JMeter: Creating summariser <summary>
2026-04-28 19:19:17,028 INFO o.a.j.e.StandardJMeterEngine: Running the test!
2026-04-28 19:19:17,028 INFO o.a.j.s.SampleEvent: List of sample_variables: []
2026-04-28 19:19:17,028 INFO o.a.j.s.SampleEvent: List of sample_variables: []
2026-04-28 19:19:17,032 INFO o.a.j.e.u.CompoundVariable: Note: Function class names must contain the string: '.functions.'
2026-04-28 19:19:17,032 INFO o.a.j.e.u.CompoundVariable: Note: Function class names must not contain the string: '.gui.'
2026-04-28 19:19:17,092 INFO o.a.j.JMeter: Running test (1777378757092)
2026-04-28 19:19:17,105 INFO o.a.j.e.StandardJMeterEngine: Starting ThreadGroup: 1 : Thread Group
2026-04-28 19:19:17,105 INFO o.a.j.e.StandardJMeterEngine: Starting 10 threads for group Thread Group.
2026-04-28 19:19:17,105 INFO o.a.j.e.StandardJMeterEngine: Thread will continue on error
2026-04-28 19:19:17,105 INFO o.a.j.t.ThreadGroup: Starting thread group... number=1 threads=10 ramp-up=1 delayedStart=false
2026-04-28 19:19:17,111 INFO o.a.j.t.ThreadGroup: Started thread group number 1
2026-04-28 19:19:17,112 INFO o.a.j.e.StandardJMeterEngine: All thread groups have been started
2026-04-28 19:19:17,116 INFO o.a.j.t.JMeterThread: Thread started: Thread Group 1-1
2026-04-28 19:19:17,129 INFO o.a.j.p.h.s.HTTPHCAbstractImpl: Local host = Rafa-ZephyrusM16
2026-04-28 19:19:17,134 INFO o.a.j.p.h.s.HTTPHC4Impl: HTTP request retry count = 0
2026-04-28 19:19:17,135 INFO o.a.j.s.SampleResult: Note: Sample TimeStamps are START times
2026-04-28 19:19:17,135 INFO o.a.j.s.SampleResult: sampleresult.default.encoding is set to UTF-8
2026-04-28 19:19:17,135 INFO o.a.j.s.SampleResult: sampleresult.useNanoTime=true
2026-04-28 19:19:17,135 INFO o.a.j.s.SampleResult: sampleresult.nanoThreadSleep=5000
2026-04-28 19:19:17,216 INFO o.a.j.t.JMeterThread: Thread started: Thread Group 1-2
2026-04-28 19:19:17,298 INFO o.a.j.t.JMeterThread: Thread is done: Thread Group 1-1
2026-04-28 19:19:17,298 INFO o.a.j.t.JMeterThread: Thread is done: Thread Group 1-2
2026-04-28 19:19:17,298 INFO o.a.j.t.JMeterThread: Thread finished: Thread Group 1-2
2026-04-28 19:19:17,298 INFO o.a.j.t.JMeterThread: Thread finished: Thread Group 1-1
2026-04-28 19:19:17,315 INFO o.a.j.t.JMeterThread: Thread started: Thread Group 1-3
2026-04-28 19:19:17,322 INFO o.a.j.t.JMeterThread: Thread is done: Thread Group 1-3
2026-04-28 19:19:17,322 INFO o.a.j.t.JMeterThread: Thread finished: Thread Group 1-3
2026-04-28 19:19:17,415 INFO o.a.j.t.JMeterThread: Thread started: Thread Group 1-4
2026-04-28 19:19:17,422 INFO o.a.j.t.JMeterThread: Thread is done: Thread Group 1-4
2026-04-28 19:19:17,422 INFO o.a.j.t.JMeterThread: Thread finished: Thread Group 1-4
2026-04-28 19:19:17,513 INFO o.a.j.t.JMeterThread: Thread started: Thread Group 1-5
2026-04-28 19:19:17,521 INFO o.a.j.t.JMeterThread: Thread is done: Thread Group 1-5
2026-04-28 19:19:17,521 INFO o.a.j.t.JMeterThread: Thread finished: Thread Group 1-5
2026-04-28 19:19:17,613 INFO o.a.j.t.JMeterThread: Thread started: Thread Group 1-6
2026-04-28 19:19:17,620 INFO o.a.j.t.JMeterThread: Thread is done: Thread Group 1-6
2026-04-28 19:19:17,620 INFO o.a.j.t.JMeterThread: Thread finished: Thread Group 1-6
2026-04-28 19:19:17,714 INFO o.a.j.t.JMeterThread: Thread started: Thread Group 1-7
2026-04-28 19:19:17,721 INFO o.a.j.t.JMeterThread: Thread is done: Thread Group 1-7
2026-04-28 19:19:17,721 INFO o.a.j.t.JMeterThread: Thread finished: Thread Group 1-7
2026-04-28 19:19:17,813 INFO o.a.j.t.JMeterThread: Thread started: Thread Group 1-8
2026-04-28 19:19:17,821 INFO o.a.j.t.JMeterThread: Thread is done: Thread Group 1-8
2026-04-28 19:19:17,821 INFO o.a.j.t.JMeterThread: Thread finished: Thread Group 1-8
2026-04-28 19:19:17,912 INFO o.a.j.t.JMeterThread: Thread started: Thread Group 1-9
2026-04-28 19:19:17,918 INFO o.a.j.t.JMeterThread: Thread is done: Thread Group 1-9
2026-04-28 19:19:17,918 INFO o.a.j.t.JMeterThread: Thread finished: Thread Group 1-9
2026-04-28 19:19:18,011 INFO o.a.j.t.JMeterThread: Thread started: Thread Group 1-10
2026-04-28 19:19:18,017 INFO o.a.j.t.JMeterThread: Thread is done: Thread Group 1-10
2026-04-28 19:19:18,018 INFO o.a.j.t.JMeterThread: Thread finished: Thread Group 1-10
2026-04-28 19:19:18,018 INFO o.a.j.e.StandardJMeterEngine: Notifying test listeners of end of test
2026-04-28 19:19:18,021 INFO o.a.j.r.Summariser: summary =     10 in 00:00:01 =   10.8/s Avg:    15 Min:     5 Max:    52 Err:     0 (0.00%)
